2026-09-12T06:46:04.254+0000 [DEBUG] [org.gradle.launcher.daemon.bootstrap.DaemonMain] Assuming the daemon was started with following jvm opts: [-XX:MaxMetaspaceSize=384m, --add-opens=java.base/java.util=ALL-UNNAMED, --add-opens=java.base/java.lang=ALL-UNNAMED, --add-opens=java.base/java.lang.invoke=ALL-UNNAMED, --add-opens=java.prefs/java.util.prefs=ALL-UNNAMED, --add-opens=java.base/java.nio.charset=ALL-UNNAMED, --add-opens=java.base/java.net=ALL-UNNAMED, --add-opens=java.base/java.util.concurrent.atomic=ALL-UNNAMED, -Xmx600m, -Dfile.encoding=US-ASCII, -Duser.country=US, -Duser.language=en, -Duser.variant]
2026-09-12T06:46:04.377+0000 [INFO] [org.gradle.launcher.daemon.server.Daemon] start() called on daemon - DefaultDaemonContext[uid=fa00c8fb-b680-42b0-bedc-e52ae82d48d4,javaHome=/home/user/tools/jdk17,daemonRegistryDir=/home/user/gradle-home/daemon,pid=1567,idleTimeout=120000,priority=NORMAL,applyInstrumentationAgent=true,daemonOpts=-XX:MaxMetaspaceSize=384m,--add-opens=java.base/java.util=ALL-UNNAMED,--add-opens=java.base/java.lang=ALL-UNNAMED,--add-opens=java.base/java.lang.invoke=ALL-UNNAMED,--add-opens=java.prefs/java.util.prefs=ALL-UNNAMED,--add-opens=java.base/java.nio.charset=ALL-UNNAMED,--add-opens=java.base/java.net=ALL-UNNAMED,--add-opens=java.base/java.util.concurrent.atomic=ALL-UNNAMED,-Xmx600m,-Dfile.encoding=US-ASCII,-Duser.country=US,-Duser.language=en,-Duser.variant]
2026-09-12T06:46:04.405+0000 [DEBUG] [org.gradle.internal.remote.internal.inet.InetAddresses] Adding IP addresses for network interface eth0
2026-09-12T06:46:04.405+0000 [DEBUG] [org.gradle.internal.remote.internal.inet.InetAddresses] Is this a loopback interface? false
2026-09-12T06:46:04.405+0000 [DEBUG] [org.gradle.internal.remote.internal.inet.InetAddresses] Adding remote address /fe80:0:0:0:fc:ff:fe00:5%eth0
2026-09-12T06:46:04.405+0000 [DEBUG] [org.gradle.internal.remote.internal.inet.InetAddresses] Adding remote address /169.254.0.21
2026-09-12T06:46:04.405+0000 [DEBUG] [org.gradle.internal.remote.internal.inet.InetAddresses] Adding IP addresses for network interface lo
2026-09-12T06:46:04.406+0000 [DEBUG] [org.gradle.internal.remote.internal.inet.InetAddresses] Is this a loopback interface? true
2026-09-12T06:46:04.406+0000 [DEBUG] [org.gradle.internal.remote.internal.inet.InetAddresses] Adding loopback address /0:0:0:0:0:0:0:1%lo
2026-09-12T06:46:04.407+0000 [DEBUG] [org.gradle.internal.remote.internal.inet.InetAddresses] Adding loopback address /127.0.0.1
2026-09-12T06:46:04.409+0000 [DEBUG] [org.gradle.internal.remote.internal.inet.TcpIncomingConnector] Listening on [12047b52-159c-4f28-bfd2-beef1b01fd63 port:33019, addresses:[localhost/127.0.0.1]].
2026-09-12T06:46:04.416+0000 [DEBUG] [org.gradle.launcher.daemon.server.Daemon] Daemon starting at: Sat Sep 12 06:46:04 UTC 2026, with address: [12047b52-159c-4f28-bfd2-beef1b01fd63 port:33019, addresses:[localhost/127.0.0.1]]
2026-09-12T06:46:04.417+0000 [INFO] [org.gradle.launcher.daemon.server.DaemonRegistryUpdater] Advertising the daemon address to the clients: [12047b52-159c-4f28-bfd2-beef1b01fd63 port:33019, addresses:[localhost/127.0.0.1]]
2026-09-12T06:46:04.418+0000 [DEBUG] [org.gradle.launcher.daemon.server.DaemonRegistryUpdater] Advertised daemon context: DefaultDaemonContext[uid=fa00c8fb-b680-42b0-bedc-e52ae82d48d4,javaHome=/home/user/tools/jdk17,daemonRegistryDir=/home/user/gradle-home/daemon,pid=1567,idleTimeout=120000,priority=NORMAL,applyInstrumentationAgent=true,daemonOpts=-XX:MaxMetaspaceSize=384m,--add-opens=java.base/java.util=ALL-UNNAMED,--add-opens=java.base/java.lang=ALL-UNNAMED,--add-opens=java.base/java.lang.invoke=ALL-UNNAMED,--add-opens=java.prefs/java.util.prefs=ALL-UNNAMED,--add-opens=java.base/java.nio.charset=ALL-UNNAMED,--add-opens=java.base/java.net=ALL-UNNAMED,--add-opens=java.base/java.util.concurrent.atomic=ALL-UNNAMED,-Xmx600m,-Dfile.encoding=US-ASCII,-Duser.country=US,-Duser.language=en,-Duser.variant]
2026-09-12T06:46:04.419+0000 [DEBUG] [org.gradle.launcher.daemon.registry.PersistentDaemonRegistry] Storing daemon address: [12047b52-159c-4f28-bfd2-beef1b01fd63 port:33019, addresses:[localhost/127.0.0.1]], context: DefaultDaemonContext[uid=fa00c8fb-b680-42b0-bedc-e52ae82d48d4,javaHome=/home/user/tools/jdk17,daemonRegistryDir=/home/user/gradle-home/daemon,pid=1567,idleTimeout=120000,priority=NORMAL,applyInstrumentationAgent=true,daemonOpts=-XX:MaxMetaspaceSize=384m,--add-opens=java.base/java.util=ALL-UNNAMED,--add-opens=java.base/java.lang=ALL-UNNAMED,--add-opens=java.base/java.lang.invoke=ALL-UNNAMED,--add-opens=java.prefs/java.util.prefs=ALL-UNNAMED,--add-opens=java.base/java.nio.charset=ALL-UNNAMED,--add-opens=java.base/java.net=ALL-UNNAMED,--add-opens=java.base/java.util.concurrent.atomic=ALL-UNNAMED,-Xmx600m,-Dfile.encoding=US-ASCII,-Duser.country=US,-Duser.language=en,-Duser.variant]
2026-09-12T06:46:04.428+0000 [DEBUG] [org.gradle.cache.internal.DefaultFileLockManager] Waiting to acquire exclusive lock on daemon addresses registry.
2026-09-12T06:46:04.431+0000 [DEBUG] [org.gradle.cache.internal.DefaultFileLockManager] Lock acquired on daemon addresses registry.
2026-09-12T06:46:04.432+0000 [DEBUG] [org.gradle.cache.internal.DefaultFileLockManager] Releasing lock on daemon addresses registry.
2026-09-12T06:46:04.433+0000 [DEBUG] [org.gradle.cache.internal.DefaultFileLockManager] Waiting to acquire exclusive lock on daemon addresses registry.
2026-09-12T06:46:04.433+0000 [DEBUG] [org.gradle.cache.internal.DefaultFileLockManager] Lock acquired on daemon addresses registry.
2026-09-12T06:46:04.435+0000 [DEBUG] [org.gradle.cache.internal.DefaultFileLockManager] Releasing lock on daemon addresses registry.
2026-09-12T06:46:04.436+0000 [LIFECYCLE] [org.gradle.launcher.daemon.server.Daemon] Daemon server started.
2026-09-12T06:46:04.440+0000 [DEBUG] [org.gradle.launcher.daemon.bootstrap.DaemonStartupCommunication] Completed writing the daemon greeting. Closing streams...
2026-09-12T06:46:04.443+0000 [DEBUG] [org.gradle.launcher.daemon.server.Daemon] stopOnExpiration() called on daemon
2026-09-12T06:46:04.458+0000 [DEBUG] [org.gradle.internal.remote.internal.inet.TcpIncomingConnector] Accepted connection from /127.0.0.1:51342 to /127.0.0.1:33019.
2026-09-12T06:46:04.465+0000 [DEBUG] [org.gradle.launcher.daemon.server.Daemon] awaitExpiration() called on daemon
2026-09-12T06:46:04.465+0000 [DEBUG] [org.gradle.launcher.daemon.server.DaemonStateCoordinator] daemon is running. Sleeping until state changes.
2026-09-12T06:46:04.495+0000 [DEBUG] [org.gradle.launcher.daemon.server.SynchronizedDispatchConnection] thread 19: received class org.gradle.launcher.daemon.protocol.Build
2026-09-12T06:46:04.495+0000 [DEBUG] [org.gradle.launcher.daemon.server.DefaultDaemonConnection] thread 19: Received non-IO message from client: Build{id=7b9b54c1-b0c0-4fe4-97d5-adb3afa4c738, currentDir=/home/user/ZIGate}
2026-09-12T06:46:04.496+0000 [INFO] [org.gradle.launcher.daemon.server.DefaultIncomingConnectionHandler] Received command: Build{id=7b9b54c1-b0c0-4fe4-97d5-adb3afa4c738, currentDir=/home/user/ZIGate}.
2026-09-12T06:46:04.496+0000 [DEBUG] [org.gradle.launcher.daemon.server.DefaultIncomingConnectionHandler] Starting executing command: Build{id=7b9b54c1-b0c0-4fe4-97d5-adb3afa4c738, currentDir=/home/user/ZIGate} with connection: socket connection from /127.0.0.1:33019 to /127.0.0.1:51342.
2026-09-12T06:46:04.499+0000 [DEBUG] [org.gradle.launcher.daemon.server.DaemonStateCoordinator] Command execution: started DaemonCommandExecution[command = Build{id=7b9b54c1-b0c0-4fe4-97d5-adb3afa4c738, currentDir=/home/user/ZIGate}, connection = DefaultDaemonConnection: socket connection from /127.0.0.1:33019 to /127.0.0.1:51342] after 0.0 minutes of idle
2026-09-12T06:46:04.500+0000 [INFO] [org.gradle.launcher.daemon.server.DaemonRegistryUpdater] Marking the daemon as busy, address: [12047b52-159c-4f28-bfd2-beef1b01fd63 port:33019, addresses:[localhost/127.0.0.1]]
2026-09-12T06:46:04.500+0000 [DEBUG] [org.gradle.launcher.daemon.registry.PersistentDaemonRegistry] Marking busy by address: [12047b52-159c-4f28-bfd2-beef1b01fd63 port:33019, addresses:[localhost/127.0.0.1]]
2026-09-12T06:46:04.500+0000 [DEBUG] [org.gradle.cache.internal.DefaultFileLockManager] Waiting to acquire exclusive lock on daemon addresses registry.
2026-09-12T06:46:04.501+0000 [DEBUG] [org.gradle.cache.internal.DefaultFileLockManager] Lock acquired on daemon addresses registry.
2026-09-12T06:46:04.502+0000 [DEBUG] [org.gradle.cache.internal.DefaultFileLockManager] Releasing lock on daemon addresses registry.
2026-09-12T06:46:04.502+0000 [DEBUG] [org.gradle.launcher.daemon.server.DaemonStateCoordinator] resetting idle timer
2026-09-12T06:46:04.504+0000 [DEBUG] [org.gradle.launcher.daemon.server.DaemonStateCoordinator] daemon is running. Sleeping until state changes.
2026-09-12T06:46:04.507+0000 [INFO] [org.gradle.launcher.daemon.server.exec.StartBuildOrRespondWithBusy] Daemon is about to start building Build{id=7b9b54c1-b0c0-4fe4-97d5-adb3afa4c738, currentDir=/home/user/ZIGate}. Dispatching build started information...
2026-09-12T06:46:04.507+0000 [DEBUG] [org.gradle.launcher.daemon.server.SynchronizedDispatchConnection] thread 21: dispatching org.gradle.launcher.daemon.protocol.BuildStarted@295750dc
2026-09-12T06:46:04.508+0000 [DEBUG] [org.gradle.launcher.daemon.server.exec.EstablishBuildEnvironment] Configuring env variables: [PATH, E2B_TEMPLATE_ID, E2B_SANDBOX_ID, SHELL, E2B_EVENTS_ADDRESS, JAVA_HOME, OLDPWD, USER, ANDROID_HOME, GRADLE_USER_HOME, E2B_SANDBOX, LOGNAME, PWD, HOME, SHLVL, _]
2026-09-12T06:46:04.511+0000 [DEBUG] [org.gradle.launcher.daemon.server.SynchronizedDispatchConnection] thread 19: received class org.gradle.launcher.daemon.protocol.CloseInput
2026-09-12T06:46:04.511+0000 [DEBUG] [org.gradle.launcher.daemon.server.DefaultDaemonConnection] thread 19: Received IO message from client: org.gradle.launcher.daemon.protocol.CloseInput@3321a49f
2026-09-12T06:46:04.511+0000 [DEBUG] [org.gradle.launcher.daemon.server.exec.LogToClient] About to start relaying all logs to the client via the connection.
2026-09-12T06:46:04.512+0000 [INFO] [org.gradle.launcher.daemon.server.exec.LogToClient] The client will now receive all logging from the daemon (pid: 1567). The daemon log file: /home/user/gradle-home/daemon/8.7/daemon-1567.out.log
2026-09-12T06:46:04.513+0000 [DEBUG] [org.gradle.launcher.daemon.server.exec.RequestStopIfSingleUsedDaemon] Requesting daemon stop after processing Build{id=7b9b54c1-b0c0-4fe4-97d5-adb3afa4c738, currentDir=/home/user/ZIGate}
2026-09-12T06:46:04.513+0000 [LIFECYCLE] [org.gradle.launcher.daemon.server.DaemonStateCoordinator] Daemon will be stopped at the end of the build 
2026-09-12T06:46:04.513+0000 [DEBUG] [org.gradle.launcher.daemon.server.DaemonStateCoordinator] Stop as soon as idle requested. The daemon is busy: true
2026-09-12T06:46:04.514+0000 [DEBUG] [org.gradle.launcher.daemon.server.exec.ExecuteBuild] The daemon has started executing the build.
2026-09-12T06:46:04.514+0000 [DEBUG] [org.gradle.launcher.daemon.server.exec.ExecuteBuild] Executing build with daemon context: DefaultDaemonContext[uid=fa00c8fb-b680-42b0-bedc-e52ae82d48d4,javaHome=/home/user/tools/jdk17,daemonRegistryDir=/home/user/gradle-home/daemon,pid=1567,idleTimeout=120000,priority=NORMAL,applyInstrumentationAgent=true,daemonOpts=-XX:MaxMetaspaceSize=384m,--add-opens=java.base/java.util=ALL-UNNAMED,--add-opens=java.base/java.lang=ALL-UNNAMED,--add-opens=java.base/java.lang.invoke=ALL-UNNAMED,--add-opens=java.prefs/java.util.prefs=ALL-UNNAMED,--add-opens=java.base/java.nio.charset=ALL-UNNAMED,--add-opens=java.base/java.net=ALL-UNNAMED,--add-opens=java.base/java.util.concurrent.atomic=ALL-UNNAMED,-Xmx600m,-Dfile.encoding=US-ASCII,-Duser.country=US,-Duser.language=en,-Duser.variant]
2026-09-12T06:46:04.515+0000 [DEBUG] [org.gradle.launcher.daemon.server.DaemonStateCoordinator] daemon stop has been requested. Sleeping until state changes.
WARNING: The following problems were found when resolving the SDK location:
Where: sdk.dir property in local.properties file. Problem: Directory does not exist

Observed package id 'platform-tools' in inconsistent location '/home/user/tools/sdk/platform-tools-2' (Expected '/home/user/tools/sdk/platform-tools')
w: file:///home/user/ZIGate/app/src/main/java/by/zakharevich/zigate/App.kt:55:41 Unnecessary safe call on a non-null receiver of type Thread!
w: file:///home/user/ZIGate/app/src/main/java/by/zakharevich/zigate/CrashActivity.kt:80:15 'onBackPressed(): Unit' is deprecated. Deprecated in Java
w: file:///home/user/ZIGate/app/src/main/java/by/zakharevich/zigate/MainActivity.kt:17:25 'WifiConfiguration' is deprecated. Deprecated in Java
w: file:///home/user/ZIGate/app/src/main/java/by/zakharevich/zigate/MainActivity.kt:804:65 Unnecessary non-null assertion (!!) on a non-null receiver of type LocationListener
w: file:///home/user/ZIGate/app/src/main/java/by/zakharevich/zigate/MainActivity.kt:831:16 'getter for configuredNetworks: (Mutable)List<WifiConfiguration!>!' is deprecated. Deprecated in Java
w: file:///home/user/ZIGate/app/src/main/java/by/zakharevich/zigate/MainActivity.kt:832:22 No cast needed
w: file:///home/user/ZIGate/app/src/main/java/by/zakharevich/zigate/MainActivity.kt:832:26 'WifiConfiguration' is deprecated. Deprecated in Java
w: file:///home/user/ZIGate/app/src/main/java/by/zakharevich/zigate/MainActivity.kt:832:46 'SSID: String!' is deprecated. Deprecated in Java
w: file:///home/user/ZIGate/app/src/main/java/by/zakharevich/zigate/MainActivity.kt:843:38 'SSID: String!' is deprecated. Deprecated in Java
w: file:///home/user/ZIGate/app/src/main/java/by/zakharevich/zigate/MainActivity.kt:949:20 'startScan(): Boolean' is deprecated. Deprecated in Java
w: file:///home/user/ZIGate/app/src/main/java/by/zakharevich/zigate/MainActivity.kt:1016:72 Unnecessary non-null assertion (!!) on a non-null receiver of type Float
w: file:///home/user/ZIGate/app/src/main/java/by/zakharevich/zigate/receiver/WifiReceiver.kt:19:62 'CONNECTIVITY_ACTION: String' is deprecated. Deprecated in Java
w: file:///home/user/ZIGate/app/src/main/java/by/zakharevich/zigate/service/BarrierService.kt:156:37 'CONNECTIVITY_ACTION: String' is deprecated. Deprecated in Java
w: file:///home/user/ZIGate/app/src/main/java/by/zakharevich/zigate/service/BarrierService.kt:178:43 'CONNECTIVITY_ACTION: String' is deprecated. Deprecated in Java
w: file:///home/user/ZIGate/app/src/main/java/by/zakharevich/zigate/service/BarrierService.kt:489:66 Unnecessary safe call on a non-null receiver of type Barrier?
w: file:///home/user/ZIGate/app/src/main/java/by/zakharevich/zigate/service/BarrierService.kt:512:21 'getter for isFromMockProvider: Boolean' is deprecated. Deprecated in Java
w: file:///home/user/ZIGate/app/src/main/java/by/zakharevich/zigate/service/BarrierService.kt:674:16 'getter for connectionInfo: WifiInfo!' is deprecated. Deprecated in Java
w: file:///home/user/ZIGate/app/src/main/java/by/zakharevich/zigate/service/BarrierService.kt:688:38 Condition 'nearest != null' is always 'true'
